# source_model_tree_path=('b1',), gsim_tree_path=('b1',), investigation_time=1000.0, imt="PGA"
lon,lat,depth,poe-0.1,poe-0.4,poe-0.6
0.00000,0.00000,0.00000,2.030934E-01,2.712010E-02,1.018504E-02
